::ffff:127.0.0.1 - - [24/Aug/2026 16:38:05] code 404, message File not found
::ffff:127.0.0.1 - - [24/Aug/2026 16:38:05] "GET /health HTTP/1.1" 404 -
::ffff:127.0.0.1 - - [24/Aug/2026 16:38:29] "GET /js/capture.js HTTP/1.1" 200 -
::1 - - [24/Aug/2026 16:39:14] "GET / HTTP/1.1" 200 -
::1 - - [24/Aug/2026 16:39:15] "GET /css/style.css?v=47 HTTP/1.1" 200 -
::1 - - [24/Aug/2026 16:39:15] "GET /js/flow.js?v=47 HTTP/1.1" 200 -
::1 - - [24/Aug/2026 16:39:15] "GET /js/scenery.js?v=47 HTTP/1.1" 200 -
::1 - - [24/Aug/2026 16:39:15] "GET /js/motions.js?v=47 HTTP/1.1" 200 -
::1 - - [24/Aug/2026 16:39:15] "GET /js/poster.js?v=47 HTTP/1.1" 200 -
::1 - - [24/Aug/2026 16:39:15] "GET /js/regions.js?v=47 HTTP/1.1" 200 -
::1 - - [24/Aug/2026 16:39:15] "GET /js/distill.js?v=47 HTTP/1.1" 200 -
::1 - - [24/Aug/2026 16:39:15] "GET /js/motionfields.js?v=47 HTTP/1.1" 200 -
::1 - - [24/Aug/2026 16:39:15] "GET /js/export.js?v=47 HTTP/1.1" 200 -
::1 - - [24/Aug/2026 16:39:15] "GET /js/animate.js?v=47 HTTP/1.1" 200 -
::1 - - [24/Aug/2026 16:39:15] "GET /js/videoexport.js?v=47 HTTP/1.1" 200 -
::1 - - [24/Aug/2026 16:39:15] "GET /js/multipick.js?v=47 HTTP/1.1" 200 -
::1 - - [24/Aug/2026 16:39:15] "GET /js/extractviz.js?v=47 HTTP/1.1" 200 -
::1 - - [24/Aug/2026 16:39:15] "GET /js/capture.js?v=47 HTTP/1.1" 200 -
::1 - - [24/Aug/2026 16:39:15] "GET /js/skeletonviz.js?v=47 HTTP/1.1" 200 -
::1 - - [24/Aug/2026 16:39:15] "GET /js/main.js?v=47 HTTP/1.1" 200 -
::1 - - [24/Aug/2026 16:39:15] "GET /js/upload.js?v=47 HTTP/1.1" 200 -
